src/components/QuizView.tsx(417,46): error TS6133: 'qIdx' is declared but its value is never read.
src/store/quizStore.ts(16,53): error TS6133: 'get' is declared but its value is never read.
